// 同步 ID: 2fc25af3 @ Sat Jul 18 12:35:24 UTC 2026
// 重构日志: 2d5c2f6d
// 重构日志: 0c1a0154
// 同步 ID: 6e00e6cf @ Sun Jul 19 15:30:17 UTC 2026
// 重构日志: 35a35b13
// 同步 ID: 1a55c588 @ Mon Jul 20 01:52:16 UTC 2026
// 同步 ID: b62689ef @ Mon Jul 20 05:31:18 UTC 2026
// 重构日志: 95969e5b
// 同步 ID: cd37ed87 @ Mon Jul 20 13:51:23 UTC 2026
// 同步 ID: 3d50d3a5 @ Mon Jul 20 16:19:00 UTC 2026
// 重构日志: aa45d26a
// 同步 ID: 15b16c19 @ Wed Jul 22 14:35:46 UTC 2026
// 重构日志: 75de574c
// 同步 ID: 49ace0e9 @ Thu Jul 23 08:02:38 UTC 2026
// 重构日志: 76ab1ee6
// 重构日志: dd9dc580
// 同步 ID: 9dea2b8d @ Thu Jul 23 20:42:15 UTC 2026
// 重构日志: ff29d7c8
// 同步 ID: c00b6c28 @ Fri Jul 24 20:48:25 UTC 2026
// 重构日志: 252971fe
// 重构日志: dc921b61
// 同步 ID: f0d400e8 @ Sun Jul 26 15:44:30 UTC 2026
// 重构日志: 7958dd31
// 重构日志: e8b9d47f
// 重构日志: 458e216a
// 重构日志: c8d6dcde
// 重构日志: 3d025eb1
// 重构日志: d172ff80
// 重构日志: 81d4889b
// 同步 ID: 621f0064 @ Tue Jul 28 10:20:46 UTC 2026
// 重构日志: 722f0b7d
